21:04:55 **** Auto Build of configuration Debug for project app ****
make all 
'Building file: ../src/services/console_t1_service.c'
'Invoking: ARM A53 gcc compiler'
aarch64-none-elf-gcc -Wall -O0 -g3 -I../../app_bsp/psu_cortexa53_0/include -I"F:\project_2017\git_41937080\hello-world\everest\sw_rep\app_bsp\psu_cortexa53_0\include" -I"F:\project_2017\git_41937080\hello-world\everest\sw_rep\app\src" -c -fmessage-length=0 -MT"src/services/console_t1_service.o" -MMD -MP -MF"src/services/console_t1_service.d" -MT"src/services/console_t1_service.o" -o "src/services/console_t1_service.o" "../src/services/console_t1_service.c"
'Finished building: ../src/services/console_t1_service.c'
' '
'Building file: ../src/main.c'
'Invoking: ARM A53 gcc compiler'
aarch64-none-elf-gcc -Wall -O0 -g3 -I../../app_bsp/psu_cortexa53_0/include -I"F:\project_2017\git_41937080\hello-world\everest\sw_rep\app_bsp\psu_cortexa53_0\include" -I"F:\project_2017\git_41937080\hello-world\everest\sw_rep\app\src" -c -fmessage-length=0 -MT"src/main.o" -MMD -MP -MF"src/main.d" -MT"src/main.o" -o "src/main.o" "../src/main.c"
../src/main.c: In function 'vSetupTask':
../src/main.c:135:13: warning: unused variable 'xReturn' [-Wunused-variable]
  BaseType_t xReturn;
             ^~~~~~~
../src/main.c: In function 'main':
../src/main.c:194:6: warning: implicit declaration of function 'printf' [-Wimplicit-function-declaration]
      printf("main(): Could not create setup task, error: %d\n", (int)xReturn);
      ^~~~~~
../src/main.c:194:6: warning: incompatible implicit declaration of built-in function 'printf'
../src/main.c:194:6: note: include '<stdio.h>' or provide a declaration of 'printf'
In file included from ../src/main.c:108:0:
../src/main.c: At top level:
../src/services/console_t1_service.h:13:16: warning: 'split' declared 'static' but never defined [-Wunused-function]
 static int32_t split( char *str, const char *delim, char *outlist[] );
                ^~~~~
'Finished building: ../src/main.c'
' '
'Building file: ../src/util.c'
'Invoking: ARM A53 gcc compiler'
aarch64-none-elf-gcc -Wall -O0 -g3 -I../../app_bsp/psu_cortexa53_0/include -I"F:\project_2017\git_41937080\hello-world\everest\sw_rep\app_bsp\psu_cortexa53_0\include" -I"F:\project_2017\git_41937080\hello-world\everest\sw_rep\app\src" -c -fmessage-length=0 -MT"src/util.o" -MMD -MP -MF"src/util.d" -MT"src/util.o" -o "src/util.o" "../src/util.c"
'Finished building: ../src/util.c'
' '
'Building target: app.elf'
'Invoking: ARM A53 gcc linker'
aarch64-none-elf-gcc -Wl,-T -Wl,../src/lscript.ld -L../../app_bsp/psu_cortexa53_0/lib -o "app.elf"  ./src/services/console_t1_service.o  ./src/main.o ./src/util.o   -Wl,--start-group,-lxil,-lfreertos,-lgcc,-lc,--end-group
'Finished building target: app.elf'
' '
'Invoking: ARM A53 Print Size'
aarch64-none-elf-size app.elf  |tee "app.elf.size"
   text	   data	    bss	    dec	    hex	filename
 128036	   7960	  87408	 223404	  368ac	app.elf
'Finished building: app.elf.size'
' '

21:05:02 Build Finished (took 6s.848ms)

